Copyright 1986-2021 Xilinx, Inc. All Rights Reserved.
--------------------------------------------------------------------------------------------------------------------------------------------------------------------------------------------
| Tool Version : Vivado v.2021.1 (win64) Build 3247384 Thu Jun 10 19:36:33 MDT 2021
| Date         : Wed Aug 18 15:46:46 2021
| Host         : LAPTOP-SAK8RQEL running 64-bit major release  (build 9200)
| Command      : report_timing_summary -max_paths 10 -file Decrypt_timing_summary_routed.rpt -pb Decrypt_timing_summary_routed.pb -rpx Decrypt_timing_summary_routed.rpx -warn_on_violation
| Design       : Decrypt
| Device       : 7k70t-fbv676
| Speed File   : -1  PRODUCTION 1.12 2017-02-17
--------------------------------------------------------------------------------------------------------------------------------------------------------------------------------------------

Timing Summary Report

------------------------------------------------------------------------------------------------
| Timer Settings
| --------------
------------------------------------------------------------------------------------------------

  Enable Multi Corner Analysis               :  Yes
  Enable Pessimism Removal                   :  Yes
  Pessimism Removal Resolution               :  Nearest Common Node
  Enable Input Delay Default Clock           :  No
  Enable Preset / Clear Arcs                 :  No
  Disable Flight Delays                      :  No
  Ignore I/O Paths                           :  No
  Timing Early Launch at Borrowing Latches   :  No
  Borrow Time for Max Delay Exceptions       :  Yes
  Merge Timing Exceptions                    :  Yes

  Corner  Analyze    Analyze    
  Name    Max Paths  Min Paths  
  ------  ---------  ---------  
  Slow    Yes        Yes        
  Fast    Yes        Yes        


------------------------------------------------------------------------------------------------
| Report Methodology
| ------------------
------------------------------------------------------------------------------------------------

Rule       Severity          Description                   Violations  
---------  ----------------  ----------------------------  ----------  
TIMING-17  Critical Warning  Non-clocked sequential cell   133         
LUTAR-1    Warning           LUT drives async reset alert  128         
TIMING-20  Warning           Non-clocked latch             64          

Note: This report is based on the most recent report_methodology run and may not be up-to-date. Run report_methodology on the current design for the latest report.



check_timing report

Table of Contents
-----------------
1. checking no_clock (261)
2. checking constant_clock (0)
3. checking pulse_width_clock (0)
4. checking unconstrained_internal_endpoints (335)
5. checking no_input_delay (130)
6. checking no_output_delay (65)
7. checking multiple_clock (0)
8. checking generated_clocks (0)
9. checking loops (0)
10. checking partial_input_delay (0)
11. checking partial_output_delay (0)
12. checking latch_loops (0)

1. checking no_clock (261)
--------------------------
 There are 133 register/latch pins with no clock driven by root clock pin: Clock (HIGH)

 There are 64 register/latch pins with no clock driven by root clock pin: Reset (HIGH)

 There is 1 register/latch pin with no clock driven by root clock pin: ciphertext[0] (HIGH)

 There is 1 register/latch pin with no clock driven by root clock pin: ciphertext[10] (HIGH)

 There is 1 register/latch pin with no clock driven by root clock pin: ciphertext[11] (HIGH)

 There is 1 register/latch pin with no clock driven by root clock pin: ciphertext[12] (HIGH)

 There is 1 register/latch pin with no clock driven by root clock pin: ciphertext[13] (HIGH)

 There is 1 register/latch pin with no clock driven by root clock pin: ciphertext[14] (HIGH)

 There is 1 register/latch pin with no clock driven by root clock pin: ciphertext[15] (HIGH)

 There is 1 register/latch pin with no clock driven by root clock pin: ciphertext[16] (HIGH)

 There is 1 register/latch pin with no clock driven by root clock pin: ciphertext[17] (HIGH)

 There is 1 register/latch pin with no clock driven by root clock pin: ciphertext[18] (HIGH)

 There is 1 register/latch pin with no clock driven by root clock pin: ciphertext[19] (HIGH)

 There is 1 register/latch pin with no clock driven by root clock pin: ciphertext[1] (HIGH)

 There is 1 register/latch pin with no clock driven by root clock pin: ciphertext[20] (HIGH)

 There is 1 register/latch pin with no clock driven by root clock pin: ciphertext[21] (HIGH)

 There is 1 register/latch pin with no clock driven by root clock pin: ciphertext[22] (HIGH)

 There is 1 register/latch pin with no clock driven by root clock pin: ciphertext[23] (HIGH)

 There is 1 register/latch pin with no clock driven by root clock pin: ciphertext[24] (HIGH)

 There is 1 register/latch pin with no clock driven by root clock pin: ciphertext[25] (HIGH)

 There is 1 register/latch pin with no clock driven by root clock pin: ciphertext[26] (HIGH)

 There is 1 register/latch pin with no clock driven by root clock pin: ciphertext[27] (HIGH)

 There is 1 register/latch pin with no clock driven by root clock pin: ciphertext[28] (HIGH)

 There is 1 register/latch pin with no clock driven by root clock pin: ciphertext[29] (HIGH)

 There is 1 register/latch pin with no clock driven by root clock pin: ciphertext[2] (HIGH)

 There is 1 register/latch pin with no clock driven by root clock pin: ciphertext[30] (HIGH)

 There is 1 register/latch pin with no clock driven by root clock pin: ciphertext[31] (HIGH)

 There is 1 register/latch pin with no clock driven by root clock pin: ciphertext[32] (HIGH)

 There is 1 register/latch pin with no clock driven by root clock pin: ciphertext[33] (HIGH)

 There is 1 register/latch pin with no clock driven by root clock pin: ciphertext[34] (HIGH)

 There is 1 register/latch pin with no clock driven by root clock pin: ciphertext[35] (HIGH)

 There is 1 register/latch pin with no clock driven by root clock pin: ciphertext[36] (HIGH)

 There is 1 register/latch pin with no clock driven by root clock pin: ciphertext[37] (HIGH)

 There is 1 register/latch pin with no clock driven by root clock pin: ciphertext[38] (HIGH)

 There is 1 register/latch pin with no clock driven by root clock pin: ciphertext[39] (HIGH)

 There is 1 register/latch pin with no clock driven by root clock pin: ciphertext[3] (HIGH)

 There is 1 register/latch pin with no clock driven by root clock pin: ciphertext[40] (HIGH)

 There is 1 register/latch pin with no clock driven by root clock pin: ciphertext[41] (HIGH)

 There is 1 register/latch pin with no clock driven by root clock pin: ciphertext[42] (HIGH)

 There is 1 register/latch pin with no clock driven by root clock pin: ciphertext[43] (HIGH)

 There is 1 register/latch pin with no clock driven by root clock pin: ciphertext[44] (HIGH)

 There is 1 register/latch pin with no clock driven by root clock pin: ciphertext[45] (HIGH)

 There is 1 register/latch pin with no clock driven by root clock pin: ciphertext[46] (HIGH)

 There is 1 register/latch pin with no clock driven by root clock pin: ciphertext[47] (HIGH)

 There is 1 register/latch pin with no clock driven by root clock pin: ciphertext[48] (HIGH)

 There is 1 register/latch pin with no clock driven by root clock pin: ciphertext[49] (HIGH)

 There is 1 register/latch pin with no clock driven by root clock pin: ciphertext[4] (HIGH)

 There is 1 register/latch pin with no clock driven by root clock pin: ciphertext[50] (HIGH)

 There is 1 register/latch pin with no clock driven by root clock pin: ciphertext[51] (HIGH)

 There is 1 register/latch pin with no clock driven by root clock pin: ciphertext[52] (HIGH)

 There is 1 register/latch pin with no clock driven by root clock pin: ciphertext[53] (HIGH)

 There is 1 register/latch pin with no clock driven by root clock pin: ciphertext[54] (HIGH)

 There is 1 register/latch pin with no clock driven by root clock pin: ciphertext[55] (HIGH)

 There is 1 register/latch pin with no clock driven by root clock pin: ciphertext[56] (HIGH)

 There is 1 register/latch pin with no clock driven by root clock pin: ciphertext[57] (HIGH)

 There is 1 register/latch pin with no clock driven by root clock pin: ciphertext[58] (HIGH)

 There is 1 register/latch pin with no clock driven by root clock pin: ciphertext[59] (HIGH)

 There is 1 register/latch pin with no clock driven by root clock pin: ciphertext[5] (HIGH)

 There is 1 register/latch pin with no clock driven by root clock pin: ciphertext[60] (HIGH)

 There is 1 register/latch pin with no clock driven by root clock pin: ciphertext[61] (HIGH)

 There is 1 register/latch pin with no clock driven by root clock pin: ciphertext[62] (HIGH)

 There is 1 register/latch pin with no clock driven by root clock pin: ciphertext[63] (HIGH)

 There is 1 register/latch pin with no clock driven by root clock pin: ciphertext[6] (HIGH)

 There is 1 register/latch pin with no clock driven by root clock pin: ciphertext[7] (HIGH)

 There is 1 register/latch pin with no clock driven by root clock pin: ciphertext[8] (HIGH)

 There is 1 register/latch pin with no clock driven by root clock pin: ciphertext[9] (HIGH)


2. checking constant_clock (0)
------------------------------
 There are 0 register/latch pins with constant_clock.


3. checking pulse_width_clock (0)
---------------------------------
 There are 0 register/latch pins which need pulse_width check


4. checking unconstrained_internal_endpoints (335)
--------------------------------------------------
 There are 335 pins that are not constrained for maximum delay. (HIGH)

 There are 0 pins that are not constrained for maximum delay due to constant clock.


5. checking no_input_delay (130)
--------------------------------
 There are 130 input ports with no input delay specified. (HIGH)

 There are 0 input ports with no input delay but user has a false path constraint.


6. checking no_output_delay (65)
--------------------------------
 There are 65 ports with no output delay specified. (HIGH)

 There are 0 ports with no output delay but user has a false path constraint

 There are 0 ports with no output delay but with a timing clock defined on it or propagating through it


7. checking multiple_clock (0)
------------------------------
 There are 0 register/latch pins with multiple clocks.


8. checking generated_clocks (0)
--------------------------------
 There are 0 generated clocks that are not connected to a clock source.


9. checking loops (0)
---------------------
 There are 0 combinational loops in the design.


10. checking partial_input_delay (0)
------------------------------------
 There are 0 input ports with partial input delay specified.


11. checking partial_output_delay (0)
-------------------------------------
 There are 0 ports with partial output delay specified.


12. checking latch_loops (0)
----------------------------
 There are 0 combinational latch loops in the design through latch input



------------------------------------------------------------------------------------------------
| Design Timing Summary
| ---------------------
------------------------------------------------------------------------------------------------

    WNS(ns)      TNS(ns)  TNS Failing Endpoints  TNS Total Endpoints      WHS(ns)      THS(ns)  THS Failing Endpoints  THS Total Endpoints     WPWS(ns)     TPWS(ns)  TPWS Failing Endpoints  TPWS Total Endpoints  
    -------      -------  ---------------------  -------------------      -------      -------  ---------------------  -------------------     --------     --------  ----------------------  --------------------  
         NA           NA                     NA                   NA           NA           NA                     NA                   NA           NA           NA                      NA                    NA  


There are no user specified timing constraints.


------------------------------------------------------------------------------------------------
| Clock Summary
| -------------
------------------------------------------------------------------------------------------------


------------------------------------------------------------------------------------------------
| Intra Clock Table
| -----------------
------------------------------------------------------------------------------------------------

Clock             WNS(ns)      TNS(ns)  TNS Failing Endpoints  TNS Total Endpoints      WHS(ns)      THS(ns)  THS Failing Endpoints  THS Total Endpoints     WPWS(ns)     TPWS(ns)  TPWS Failing Endpoints  TPWS Total Endpoints  
-----             -------      -------  ---------------------  -------------------      -------      -------  ---------------------  -------------------     --------     --------  ----------------------  --------------------  


------------------------------------------------------------------------------------------------
| Inter Clock Table
| -----------------
------------------------------------------------------------------------------------------------

From Clock    To Clock          WNS(ns)      TNS(ns)  TNS Failing Endpoints  TNS Total Endpoints      WHS(ns)      THS(ns)  THS Failing Endpoints  THS Total Endpoints  
----------    --------          -------      -------  ---------------------  -------------------      -------      -------  ---------------------  -------------------  


------------------------------------------------------------------------------------------------
| Other Path Groups Table
| -----------------------
------------------------------------------------------------------------------------------------

Path Group    From Clock    To Clock          WNS(ns)      TNS(ns)  TNS Failing Endpoints  TNS Total Endpoints      WHS(ns)      THS(ns)  THS Failing Endpoints  THS Total Endpoints  
----------    ----------    --------          -------      -------  ---------------------  -------------------      -------      -------  ---------------------  -------------------  


------------------------------------------------------------------------------------------------
| Timing Details
| --------------
------------------------------------------------------------------------------------------------


